{
  "version": "1.5.0",
  "plugins_used": [
    {
      "name": "ArtifactoryDetector"
    },
    {
      "name": "AWSKeyDetector"
    },
    {
      "name": "AzureStorageKeyDetector"
    },
    {
      "name": "Base64HighEntropyString",
      "limit": 4.5
    },
    {
      "name": "BasicAuthDetector"
    },
    {
      "name": "CloudantDetector"
    },
    {
      "name": "DiscordBotTokenDetector"
    },
    {
      "name": "GitHubTokenDetector"
    },
    {
      "name": "GitLabTokenDetector"
    },
    {
      "name": "HexHighEntropyString",
      "limit": 3.0
    },
    {
      "name": "IbmCloudIamDetector"
    },
    {
      "name": "IbmCosHmacDetector"
    },
    {
      "name": "IPPublicDetector"
    },
    {
      "name": "JwtTokenDetector"
    },
    {
      "name": "KeywordDetector",
      "keyword_exclude": ""
    },
    {
      "name": "MailchimpDetector"
    },
    {
      "name": "NpmDetector"
    },
    {
      "name": "OpenAIDetector"
    },
    {
      "name": "PrivateKeyDetector"
    },
    {
      "name": "PypiTokenDetector"
    },
    {
      "name": "SendGridDetector"
    },
    {
      "name": "SlackDetector"
    },
    {
      "name": "SoftlayerDetector"
    },
    {
      "name": "SquareOAuthDetector"
    },
    {
      "name": "StripeDetector"
    },
    {
      "name": "TelegramBotTokenDetector"
    },
    {
      "name": "TwilioKeyDetector"
    }
  ],
  "filters_used": [
    {
      "path": "detect_secrets.filters.allowlist.is_line_allowlisted"
    },
    {
      "path": "detect_secrets.filters.common.is_ignored_due_to_verification_policies",
      "min_level": 2
    },
    {
      "path": "detect_secrets.filters.heuristic.is_indirect_reference"
    },
    {
      "path": "detect_secrets.filters.heuristic.is_likely_id_string"
    },
    {
      "path": "detect_secrets.filters.heuristic.is_lock_file"
    },
    {
      "path": "detect_secrets.filters.heuristic.is_not_alphanumeric_string"
    },
    {
      "path": "detect_secrets.filters.heuristic.is_potential_uuid"
    },
    {
      "path": "detect_secrets.filters.heuristic.is_prefixed_with_dollar_sign"
    },
    {
      "path": "detect_secrets.filters.heuristic.is_sequential_string"
    },
    {
      "path": "detect_secrets.filters.heuristic.is_swagger_file"
    },
    {
      "path": "detect_secrets.filters.heuristic.is_templated_secret"
    },
    {
      "path": "detect_secrets.filters.regex.should_exclude_file",
      "pattern": [
        "\\.secrets\\.baseline",
        "\\.github/"
      ]
    }
  ],
  "results": {
    "notebooks/forge_quickstart.ipynb": [
      {
        "type": "Hex High Entropy String",
        "filename": "notebooks/forge_quickstart.ipynb",
        "hashed_secret": "710c91edd7984b025f47830ec2ba0506894eed3f",
        "is_verified": false,
        "line_number": 5
      },
      {
        "type": "Hex High Entropy String",
        "filename": "notebooks/forge_quickstart.ipynb",
        "hashed_secret": "e1f9a3f35c6bff77f847a39b4c4a5c9eb2892ecb",
        "is_verified": false,
        "line_number": 14
      },
      {
        "type": "Hex High Entropy String",
        "filename": "notebooks/forge_quickstart.ipynb",
        "hashed_secret": "4f248bc40ab0f68e2dceb22e38c52828ee276179",
        "is_verified": false,
        "line_number": 40
      },
      {
        "type": "Hex High Entropy String",
        "filename": "notebooks/forge_quickstart.ipynb",
        "hashed_secret": "d73541f2527eda15a3f3ab0018e4047afc81c7eb",
        "is_verified": false,
        "line_number": 69
      },
      {
        "type": "Hex High Entropy String",
        "filename": "notebooks/forge_quickstart.ipynb",
        "hashed_secret": "336e39a34addaaa1dcefb999629f7106e531126e",
        "is_verified": false,
        "line_number": 99
      },
      {
        "type": "Hex High Entropy String",
        "filename": "notebooks/forge_quickstart.ipynb",
        "hashed_secret": "b98ce2f8214f1c209f6371e4247784ef35088cfb",
        "is_verified": false,
        "line_number": 108
      },
      {
        "type": "Hex High Entropy String",
        "filename": "notebooks/forge_quickstart.ipynb",
        "hashed_secret": "0b355e25f86a10feb31c1a21780f1fa47c220cb0",
        "is_verified": false,
        "line_number": 139
      },
      {
        "type": "Hex High Entropy String",
        "filename": "notebooks/forge_quickstart.ipynb",
        "hashed_secret": "ed89e7dcaf1777f9efea0ab0797fbd10b2c7d226",
        "is_verified": false,
        "line_number": 215
      },
      {
        "type": "Hex High Entropy String",
        "filename": "notebooks/forge_quickstart.ipynb",
        "hashed_secret": "3b098c08c5c3f9aade0f5d78d7a46ed9d6633396",
        "is_verified": false,
        "line_number": 257
      },
      {
        "type": "Hex High Entropy String",
        "filename": "notebooks/forge_quickstart.ipynb",
        "hashed_secret": "64ce44107c9383081cb7af635c42e6c9f697924e",
        "is_verified": false,
        "line_number": 304
      },
      {
        "type": "Hex High Entropy String",
        "filename": "notebooks/forge_quickstart.ipynb",
        "hashed_secret": "120af08b9008eb12935bb932b84007e204356c71",
        "is_verified": false,
        "line_number": 313
      },
      {
        "type": "Hex High Entropy String",
        "filename": "notebooks/forge_quickstart.ipynb",
        "hashed_secret": "e9fea335d59dc693b3646559179efb4c2d5c4fbd",
        "is_verified": false,
        "line_number": 364
      },
      {
        "type": "Hex High Entropy String",
        "filename": "notebooks/forge_quickstart.ipynb",
        "hashed_secret": "9e8151d8c3ceca78404381832ab1faa4f2e3f88b",
        "is_verified": false,
        "line_number": 394
      },
      {
        "type": "Hex High Entropy String",
        "filename": "notebooks/forge_quickstart.ipynb",
        "hashed_secret": "e44c97e80dd328fe374feab439d6dc4cb0981741",
        "is_verified": false,
        "line_number": 466
      },
      {
        "type": "Hex High Entropy String",
        "filename": "notebooks/forge_quickstart.ipynb",
        "hashed_secret": "1f7b9cb4284737fa39ddb6d8a588ac296463e295",
        "is_verified": false,
        "line_number": 503
      },
      {
        "type": "Hex High Entropy String",
        "filename": "notebooks/forge_quickstart.ipynb",
        "hashed_secret": "7182ffb1e84fad2fa8b414e150a321a13725ba17",
        "is_verified": false,
        "line_number": 527
      }
    ],
    "src/aevyra_forge/cli.py": [
      {
        "type": "Secret Keyword",
        "filename": "src/aevyra_forge/cli.py",
        "hashed_secret": "b780a23b530ef6bb5c3b722a0c9c5e3abf222e8b",
        "is_verified": false,
        "line_number": 592
      },
      {
        "type": "Secret Keyword",
        "filename": "src/aevyra_forge/cli.py",
        "hashed_secret": "a19ee5a9fdc191092796cd9bfa97c55fe5631695",
        "is_verified": false,
        "line_number": 593
      },
      {
        "type": "Secret Keyword",
        "filename": "src/aevyra_forge/cli.py",
        "hashed_secret": "12ecf701d30ca3f20559bb59a0104235957abd7b",
        "is_verified": false,
        "line_number": 594
      },
      {
        "type": "Secret Keyword",
        "filename": "src/aevyra_forge/cli.py",
        "hashed_secret": "1623de677ded535ea864e4fe26a59b01202f3f1b",
        "is_verified": false,
        "line_number": 595
      },
      {
        "type": "Secret Keyword",
        "filename": "src/aevyra_forge/cli.py",
        "hashed_secret": "d034eb8e0b8f071a43574b571715d47d955d9808",
        "is_verified": false,
        "line_number": 596
      }
    ],
    "src/aevyra_forge/llm.py": [
      {
        "type": "Secret Keyword",
        "filename": "src/aevyra_forge/llm.py",
        "hashed_secret": "8ed4322e8e2790b8c928d381ce8d07cfd966e909",
        "is_verified": false,
        "line_number": 230
      },
      {
        "type": "Secret Keyword",
        "filename": "src/aevyra_forge/llm.py",
        "hashed_secret": "80c3eb3a746f82974a9696275d8b52a37fba449b",
        "is_verified": false,
        "line_number": 237
      }
    ]
  },
  "generated_at": "2026-05-14T18:27:13Z"
}
